// Jest Snapshot v1, https://goo.gl/fbAQLP

exports[`ComponentsTests <NotFound/> should render <NotFound/> 1`] = `
<Alert
  description={
    <UNDEFINED>
      <p>
        页面去火星了,暂时失联了.
      </p>
      <p>
        <a
          onClick={[Function]}
        >
          回到上一级
        </a>
        <span
          className="space"
        />
        <Link
          replace={false}
          to="/"
        >
          回到首页
        </Link>
      </p>
    </UNDEFINED>
  }
  message="404"
  showIcon={true}
  type="info"
/>
`;

exports[`ComponentsTests <Root/> should render <Root/> 1`] = `<div />`;
